** Drc report for remote - Copycopy.kicad_pcb **
** Created on 2026-09-24T13:38:27+0530 **

** Found 168 DRC violations **
[clearance]: Clearance violation (netclass 'Default' clearance 0.2000 mm; actual 0.1989 mm)
    Rule: netclass 'Default'; error
    @(108.4000 mm, 69.8535 mm): Track [Net-(J1-Pin_14)] on B.Cu, length 6.7523 mm
    @(108.8942 mm, 62.6069 mm): Via [<no net>] on F.Cu - B.Cu
[clearance]: Clearance violation (netclass 'Default' clearance 0.2000 mm; actual 0.1500 mm)
    Rule: netclass 'Default'; error
    @(106.5000 mm, 95.4517 mm): Pad 1 [<no net>] of R pad on F.Cu
    @(106.0000 mm, 97.7000 mm): Pad 1 [<no net>] of R pad on F.Cu
[clearance]: Clearance violation (netclass 'Default' clearance 0.2000 mm; actual 0.1983 mm)
    Rule: netclass 'Default'; error
    @(106.5000 mm, 101.9535 mm): Pad 1 [<no net>] of R pad on F.Cu
    @(105.9000 mm, 104.1517 mm): Pad 1 [<no net>] of R pad on F.Cu
[clearance]: Clearance violation (netclass 'Default' clearance 0.2000 mm; actual 0.1750 mm)
    Rule: netclass 'Default'; error
    @(105.8750 mm, 81.6052 mm): Pad 1 [<no net>] of R pad on F.Cu
    @(106.4000 mm, 83.9552 mm): Pad 1 [<no net>] of R pad on F.Cu
[invalid_outline]: Board has malformed outline (no edges found on Edge.Cuts layer)
    Local override; error
    @(0.0000 mm, 0.0000 mm): PCB
[solder_mask_bridge]: Front solder mask aperture bridges items with different nets
    Rule: board setup solder mask min width; error
    @(111.3459 mm, 60.3069 mm): Track [Net-(J1-Pin_3)] on F.Cu, length 0.0683 mm
    @(111.3942 mm, 60.2586 mm): Pad 1 [<no net>] of R pad on F.Cu
[solder_mask_bridge]: Front solder mask aperture bridges items with different nets
    Rule: board setup solder mask min width; error
    @(105.9558 mm, 60.2586 mm): Track [Net-(J1-Pin_3)] on F.Cu, length 2.6901 mm
    @(105.9558 mm, 60.2586 mm): Pad 1 [<no net>] of R pad on F.Cu
[solder_mask_bridge]: Front solder mask aperture bridges items with different nets
    Rule: board setup solder mask min width; error
    @(92.9942 mm, 60.3086 mm): Track [Net-(J1-Pin_3)] on F.Cu, length 4.7990 mm
    @(92.9942 mm, 60.3086 mm): Pad 1 [<no net>] of R pad on F.Cu
[solder_mask_bridge]: Front solder mask aperture bridges items with different nets
    Rule: board setup solder mask min width; error
    @(92.9942 mm, 60.3086 mm): Track [Net-(J1-Pin_3)] on F.Cu, length 4.7990 mm
    @(98.4942 mm, 60.3086 mm): Pad 1 [<no net>] of R pad on F.Cu
[solder_mask_bridge]: Front solder mask aperture bridges items with different nets
    Rule: board setup solder mask min width; error
    @(108.6942 mm, 60.3069 mm): Track [Net-(J1-Pin_3)] on F.Cu, length 2.6517 mm
    @(111.3942 mm, 60.2586 mm): Pad 1 [<no net>] of R pad on F.Cu
[solder_mask_bridge]: Front solder mask aperture bridges items with different nets
    Rule: board setup solder mask min width; error
    @(98.4942 mm, 60.3086 mm): Track [Net-(J1-Pin_3)] on F.Cu, length 7.4116 mm
    @(98.4942 mm, 60.3086 mm): Pad 1 [<no net>] of R pad on F.Cu
[solder_mask_bridge]: Front solder mask aperture bridges items with different nets
    Rule: board setup solder mask min width; error
    @(98.4942 mm, 60.3086 mm): Track [Net-(J1-Pin_3)] on F.Cu, length 7.4116 mm
    @(105.9558 mm, 60.2586 mm): Pad 1 [<no net>] of R pad on F.Cu
[solder_mask_bridge]: Front solder mask aperture bridges items with different nets
    Rule: board setup solder mask min width; error
    @(105.9058 mm, 60.3086 mm): Track [Net-(J1-Pin_3)] on F.Cu, length 0.0707 mm
    @(105.9558 mm, 60.2586 mm): Pad 1 [<no net>] of R pad on F.Cu
[solder_mask_bridge]: Front solder mask aperture bridges items with different nets
    Rule: board setup solder mask min width; error
    @(93.2000 mm, 95.4052 mm): Track [Net-(J1-Pin_6)] on F.Cu, length 2.4483 mm
    @(93.2000 mm, 95.4052 mm): Pad 1 [<no net>] of R pad on F.Cu
[solder_mask_bridge]: Front solder mask aperture bridges items with different nets
    Rule: board setup solder mask min width; error
    @(106.5535 mm, 95.3983 mm): Track [Net-(J1-Pin_6)] on F.Cu, length 0.0756 mm
    @(106.5000 mm, 95.4517 mm): Pad 1 [<no net>] of R pad on F.Cu
[solder_mask_bridge]: Front solder mask aperture bridges items with different nets
    Rule: board setup solder mask min width; error
    @(108.6000 mm, 95.3983 mm): Track [Net-(J1-Pin_6)] on F.Cu, length 2.7483 mm
    @(111.4000 mm, 95.4500 mm): Pad 1 [<no net>] of R pad on F.Cu
[solder_mask_bridge]: Front solder mask aperture bridges items with different nets
    Rule: board setup solder mask min width; error
    @(108.6000 mm, 95.3983 mm): Track [Net-(J1-Pin_6)] on F.Cu, length 2.0465 mm
    @(106.5000 mm, 95.4517 mm): Pad 1 [<no net>] of R pad on F.Cu
[solder_mask_bridge]: Front solder mask aperture bridges items with different nets
    Rule: board setup solder mask min width; error
    @(111.3483 mm, 95.3983 mm): Track [Net-(J1-Pin_6)] on F.Cu, length 0.0732 mm
    @(111.4000 mm, 95.4500 mm): Pad 1 [<no net>] of R pad on F.Cu
[solder_mask_bridge]: Front solder mask aperture bridges items with different nets
    Rule: board setup solder mask min width; error
    @(98.2000 mm, 95.4052 mm): Track [Net-(J1-Pin_6)] on F.Cu, length 2.4483 mm
    @(98.2000 mm, 95.4052 mm): Pad 1 [<no net>] of R pad on F.Cu
[solder_mask_bridge]: Front solder mask aperture bridges items with different nets
    Rule: board setup solder mask min width; error
    @(108.4000 mm, 83.9535 mm): Track [Net-(J1-Pin_8)] on F.Cu, length 2.9233 mm
    @(111.3250 mm, 83.9517 mm): Pad 1 [<no net>] of R pad on F.Cu
[solder_mask_bridge]: Front solder mask aperture bridges items with different nets
    Rule: board setup solder mask min width; error
    @(108.4000 mm, 83.9535 mm): Track [Net-(J1-Pin_8)] on F.Cu, length 1.9983 mm
    @(106.4000 mm, 83.9552 mm): Pad 1 [<no net>] of R pad on F.Cu
[solder_mask_bridge]: Front solder mask aperture bridges items with different nets
    Rule: board setup solder mask min width; error
    @(111.3233 mm, 83.9535 mm): Track [Net-(J1-Pin_8)] on F.Cu, length 0.0024 mm
    @(111.3250 mm, 83.9517 mm): Pad 1 [<no net>] of R pad on F.Cu
[solder_mask_bridge]: Front solder mask aperture bridges items with different nets
    Rule: board setup solder mask min width; error
    @(106.4017 mm, 83.9535 mm): Track [Net-(J1-Pin_8)] on F.Cu, length 0.0024 mm
    @(106.4000 mm, 83.9552 mm): Pad 1 [<no net>] of R pad on F.Cu
[solder_mask_bridge]: Front solder mask aperture bridges items with different nets
    Rule: board setup solder mask min width; error
    @(98.0785 mm, 83.9535 mm): Track [Net-(J1-Pin_8)] on F.Cu, length 0.0658 mm
    @(98.1250 mm, 83.9069 mm): Pad 1 [<no net>] of R pad on F.Cu
[solder_mask_bridge]: Front solder mask aperture bridges items with different nets
    Rule: board setup solder mask min width; error
    @(96.0000 mm, 83.9535 mm): Track [Net-(J1-Pin_8)] on F.Cu, length 2.0785 mm
    @(98.1250 mm, 83.9069 mm): Pad 1 [<no net>] of R pad on F.Cu
[solder_mask_bridge]: Front solder mask aperture bridges items with different nets
    Rule: board setup solder mask min width; error
    @(93.1017 mm, 83.9535 mm): Track [Net-(J1-Pin_8)] on F.Cu, length 0.0024 mm
    @(93.1000 mm, 83.9552 mm): Pad 1 [<no net>] of R pad on F.Cu
[solder_mask_bridge]: Front solder mask aperture bridges items with different nets
    Rule: board setup solder mask min width; error
    @(96.0000 mm, 83.9535 mm): Track [Net-(J1-Pin_8)] on F.Cu, length 2.8983 mm
    @(93.1000 mm, 83.9552 mm): Pad 1 [<no net>] of R pad on F.Cu
[solder_mask_bridge]: Front solder mask aperture bridges items with different nets
    Rule: board setup solder mask min width; error
    @(112.2000 mm, 108.4535 mm): Track [Net-(J1-Pin_15)] on F.Cu, length 3.2465 mm
    @(112.2000 mm, 108.4535 mm): Pad 1 [<no net>] of R pad on F.Cu
[solder_mask_bridge]: Front solder mask aperture bridges items with different nets
    Rule: board setup solder mask min width; error
    @(115.4517 mm, 104.3035 mm): Track [Net-(J1-Pin_15)] on F.Cu, length 3.3517 mm
    @(112.1000 mm, 104.3035 mm): Pad 1 [<no net>] of R pad on F.Cu
[solder_mask_bridge]: Front solder mask aperture bridges items with different nets
    Rule: board setup solder mask min width; error
    @(111.9000 mm, 81.6517 mm): Track [Net-(J1-Pin_15)] on F.Cu, length 3.5017 mm
    @(111.9000 mm, 81.6517 mm): Pad 1 [<no net>] of R pad on F.Cu
[solder_mask_bridge]: Front solder mask aperture bridges items with different nets
    Rule: board setup solder mask min width; error
    @(109.7000 mm, 108.4000 mm): Track [Net-(J1-Pin_15)] on F.Cu, length 2.4465 mm
    @(112.2000 mm, 108.4535 mm): Pad 1 [<no net>] of R pad on F.Cu
[solder_mask_bridge]: Front solder mask aperture bridges items with different nets
    Rule: board setup solder mask min width; error
    @(112.1465 mm, 108.4000 mm): Track [Net-(J1-Pin_15)] on F.Cu, length 0.0756 mm
    @(112.2000 mm, 108.4535 mm): Pad 1 [<no net>] of R pad on F.Cu
[solder_mask_bridge]: Front solder mask aperture bridges items with different nets
    Rule: board setup solder mask min width; error
    @(111.9750 mm, 77.4035 mm): Track [Net-(J1-Pin_15)] on F.Cu, length 3.2750 mm
    @(111.9750 mm, 77.4035 mm): Pad 1 [<no net>] of R pad on F.Cu
[solder_mask_bridge]: Front solder mask aperture bridges items with different nets
    Rule: board setup solder mask min width; error
    @(112.0000 mm, 97.8000 mm): Track [Net-(J1-Pin_15)] on F.Cu, length 3.5535 mm
    @(112.0000 mm, 97.8000 mm): Pad 1 [<no net>] of R pad on F.Cu
[solder_mask_bridge]: Front solder mask aperture bridges items with different nets
    Rule: board setup solder mask min width; error
    @(111.7000 mm, 69.8535 mm): Track [Net-(J1-Pin_15)] on F.Cu, length 3.6000 mm
    @(111.7000 mm, 69.8535 mm): Pad 1 [<no net>] of R pad on F.Cu
[solder_mask_bridge]: Front solder mask aperture bridges items with different nets
    Rule: board setup solder mask min width; error
    @(111.9000 mm, 91.0017 mm): Track [Net-(J1-Pin_15)] on F.Cu, length 3.4517 mm
    @(111.9000 mm, 91.0017 mm): Pad 1 [<no net>] of R pad on F.Cu
[solder_mask_bridge]: Front solder mask aperture bridges items with different nets
    Rule: board setup solder mask min width; error
    @(111.9942 mm, 62.6086 mm): Track [Net-(J1-Pin_15)] on F.Cu, length 3.3058 mm
    @(111.9942 mm, 62.6086 mm): Pad 1 [<no net>] of R pad on F.Cu
[solder_mask_bridge]: Front solder mask aperture bridges items with different nets
    Rule: board setup solder mask min width; error
    @(106.6983 mm, 111.0000 mm): Track [Net-(J1-Pin_10)] on F.Cu, length 0.1390 mm
    @(106.6000 mm, 110.9017 mm): Pad 1 [<no net>] of R pad on F.Cu
[solder_mask_bridge]: Front solder mask aperture bridges items with different nets
    Rule: board setup solder mask min width; error
    @(109.4000 mm, 111.0000 mm): Track [Net-(J1-Pin_10)] on F.Cu, length 2.0017 mm
    @(111.6000 mm, 110.8017 mm): Pad 1 [<no net>] of R pad on F.Cu
[solder_mask_bridge]: Front solder mask aperture bridges items with different nets
    Rule: board setup solder mask min width; error
    @(98.2535 mm, 110.9017 mm): Track [Net-(J1-Pin_10)] on F.Cu, length 0.0658 mm
    @(98.3000 mm, 110.8552 mm): Pad 1 [<no net>] of R pad on F.Cu
[solder_mask_bridge]: Front solder mask aperture bridges items with different nets
    Rule: board setup solder mask min width; error
    @(109.4000 mm, 111.0000 mm): Track [Net-(J1-Pin_10)] on F.Cu, length 2.7017 mm
    @(106.6000 mm, 110.9017 mm): Pad 1 [<no net>] of R pad on F.Cu
[solder_mask_bridge]: Front solder mask aperture bridges items with different nets
    Rule: board setup solder mask min width; error
    @(98.3000 mm, 110.8552 mm): Track [Net-(J1-Pin_10)] on F.Cu, length 8.2535 mm
    @(106.6000 mm, 110.9017 mm): Pad 1 [<no net>] of R pad on F.Cu
[solder_mask_bridge]: Front solder mask aperture bridges items with different nets
    Rule: board setup solder mask min width; error
    @(98.3000 mm, 110.8552 mm): Track [Net-(J1-Pin_10)] on F.Cu, length 8.2535 mm
    @(98.3000 mm, 110.8552 mm): Pad 1 [<no net>] of R pad on F.Cu
[solder_mask_bridge]: Front solder mask aperture bridges items with different nets
    Rule: board setup solder mask min width; error
    @(106.5535 mm, 110.8552 mm): Track [Net-(J1-Pin_10)] on F.Cu, length 0.0658 mm
    @(106.6000 mm, 110.9017 mm): Pad 1 [<no net>] of R pad on F.Cu
[solder_mask_bridge]: Front solder mask aperture bridges items with different nets
    Rule: board setup solder mask min width; error
    @(111.4017 mm, 111.0000 mm): Track [Net-(J1-Pin_10)] on F.Cu, length 0.2804 mm
    @(111.6000 mm, 110.8017 mm): Pad 1 [<no net>] of R pad on F.Cu
[solder_mask_bridge]: Front solder mask aperture bridges items with different nets
    Rule: board setup solder mask min width; error
    @(93.3000 mm, 110.9017 mm): Track [Net-(J1-Pin_10)] on F.Cu, length 4.9535 mm
    @(93.3000 mm, 110.9017 mm): Pad 1 [<no net>] of R pad on F.Cu
[solder_mask_bridge]: Front solder mask aperture bridges items with different nets
    Rule: board setup solder mask min width; error
    @(93.3000 mm, 110.9017 mm): Track [Net-(J1-Pin_10)] on F.Cu, length 4.9535 mm
    @(98.3000 mm, 110.8552 mm): Pad 1 [<no net>] of R pad on F.Cu
[solder_mask_bridge]: Front solder mask aperture bridges items with different nets
    Rule: board setup solder mask min width; error
    @(106.5959 mm, 62.6069 mm): Track [Net-(J1-Pin_14)] on F.Cu, length 0.0024 mm
    @(106.5942 mm, 62.6086 mm): Pad 1 [<no net>] of R pad on F.Cu
[solder_mask_bridge]: Front solder mask aperture bridges items with different nets
    Rule: board setup solder mask min width; error
    @(108.8942 mm, 62.6069 mm): Track [Net-(J1-Pin_14)] on F.Cu, length 2.2983 mm
    @(106.5942 mm, 62.6086 mm): Pad 1 [<no net>] of R pad on F.Cu
[solder_mask_bridge]: Front solder mask aperture bridges items with different nets
    Rule: board setup solder mask min width; error
    @(103.4483 mm, 108.5517 mm): Track [Net-(J1-Pin_14)] on F.Cu, length 2.5517 mm
    @(106.0000 mm, 108.5517 mm): Pad 1 [<no net>] of R pad on F.Cu
[solder_mask_bridge]: Front solder mask aperture bridges items with different nets
    Rule: board setup solder mask min width; error
    @(108.0000 mm, 77.3535 mm): Track [Net-(J1-Pin_14)] on F.Cu, length 4.7000 mm
    @(105.7000 mm, 77.3535 mm): Pad 1 [<no net>] of R pad on F.Cu
[solder_mask_bridge]: Front solder mask aperture bridges items with different nets
    Rule: board setup solder mask min width; error
    @(105.7000 mm, 69.8552 mm): Track [Net-(J1-Pin_14)] on F.Cu, length 2.4000 mm
    @(105.7000 mm, 69.8552 mm): Pad 1 [<no net>] of R pad on F.Cu
[solder_mask_bridge]: Front solder mask aperture bridges items with different nets
    Rule: board setup solder mask min width; error
    @(105.9000 mm, 90.9000 mm): Track [Net-(J1-Pin_14)] on F.Cu, length 2.4465 mm
    @(105.9000 mm, 90.9000 mm): Pad 1 [<no net>] of R pad on F.Cu
[solder_mask_bridge]: Front solder mask aperture bridges items with different nets
    Rule: board setup solder mask min width; error
    @(108.4000 mm, 69.8535 mm): Track [Net-(J1-Pin_14)] on F.Cu, length 2.6983 mm
    @(105.7000 mm, 69.8552 mm): Pad 1 [<no net>] of R pad on F.Cu
[solder_mask_bridge]: Front solder mask aperture bridges items with different nets
    Rule: board setup solder mask min width; error
    @(106.0000 mm, 97.7000 mm): Track [Net-(J1-Pin_14)] on F.Cu, length 2.3535 mm
    @(106.0000 mm, 97.7000 mm): Pad 1 [<no net>] of R pad on F.Cu
[solder_mask_bridge]: Front solder mask aperture bridges items with different nets
    Rule: board setup solder mask min width; error
    @(105.8750 mm, 81.6052 mm): Track [Net-(J1-Pin_14)] on F.Cu, length 2.3267 mm
    @(105.8750 mm, 81.6052 mm): Pad 1 [<no net>] of R pad on F.Cu
[solder_mask_bridge]: Front solder mask aperture bridges items with different nets
    Rule: board setup solder mask min width; error
    @(105.7017 mm, 69.8535 mm): Track [Net-(J1-Pin_14)] on F.Cu, length 0.0024 mm
    @(105.7000 mm, 69.8552 mm): Pad 1 [<no net>] of R pad on F.Cu
[solder_mask_bridge]: Front solder mask aperture bridges items with different nets
    Rule: board setup solder mask min width; error
    @(105.9000 mm, 104.1517 mm): Track [Net-(J1-Pin_14)] on F.Cu, length 2.5000 mm
    @(105.9000 mm, 104.1517 mm): Pad 1 [<no net>] of R pad on F.Cu
[solder_mask_bridge]: Front solder mask aperture bridges items with different nets
    Rule: board setup solder mask min width; error
    @(97.9965 mm, 88.5535 mm): Track [Net-(J1-Pin_7)] on F.Cu, length 0.0049 mm
    @(98.0000 mm, 88.5569 mm): Pad 1 [<no net>] of R pad on F.Cu
[solder_mask_bridge]: Front solder mask aperture bridges items with different nets
    Rule: board setup solder mask min width; error
    @(108.8000 mm, 88.7000 mm): Track [Net-(J1-Pin_7)] on F.Cu, length 2.2517 mm
    @(106.5000 mm, 88.6517 mm): Pad 1 [<no net>] of R pad on F.Cu
[solder_mask_bridge]: Front solder mask aperture bridges items with different nets
    Rule: board setup solder mask min width; error
    @(93.2000 mm, 88.6052 mm): Track [Net-(J1-Pin_7)] on F.Cu, length 2.5483 mm
    @(93.2000 mm, 88.6052 mm): Pad 1 [<no net>] of R pad on F.Cu
[solder_mask_bridge]: Front solder mask aperture bridges items with different nets
    Rule: board setup solder mask min width; error
    @(95.8000 mm, 88.5535 mm): Track [Net-(J1-Pin_7)] on F.Cu, length 2.1965 mm
    @(98.0000 mm, 88.5569 mm): Pad 1 [<no net>] of R pad on F.Cu
[solder_mask_bridge]: Front solder mask aperture bridges items with different nets
    Rule: board setup solder mask min width; error
    @(111.3000 mm, 88.6517 mm): Track [Net-(J1-Pin_7)] on F.Cu, length 2.4517 mm
    @(111.3000 mm, 88.6517 mm): Pad 1 [<no net>] of R pad on F.Cu
[solder_mask_bridge]: Front solder mask aperture bridges items with different nets
    Rule: board setup solder mask min width; error
    @(106.5483 mm, 88.7000 mm): Track [Net-(J1-Pin_7)] on F.Cu, length 0.0683 mm
    @(106.5000 mm, 88.6517 mm): Pad 1 [<no net>] of R pad on F.Cu
[solder_mask_bridge]: Front solder mask aperture bridges items with different nets
    Rule: board setup solder mask min width; error
    @(97.9483 mm, 74.9535 mm): Track [Net-(J1-Pin_9)] on F.Cu, length 0.0732 mm
    @(98.0000 mm, 75.0052 mm): Pad 1 [<no net>] of R pad on F.Cu
[solder_mask_bridge]: Front solder mask aperture bridges items with different nets
    Rule: board setup solder mask min width; error
    @(92.8750 mm, 74.9535 mm): Track [Net-(J1-Pin_9)] on F.Cu, length 0.1414 mm
    @(92.7750 mm, 75.0535 mm): Pad 1 [<no net>] of R pad on F.Cu
[solder_mask_bridge]: Front solder mask aperture bridges items with different nets
    Rule: board setup solder mask min width; error
    @(106.3366 mm, 75.0535 mm): Track [Net-(J1-Pin_9)] on F.Cu, length 2.6634 mm
    @(106.3366 mm, 75.0535 mm): Pad 1 [<no net>] of R pad on F.Cu
[solder_mask_bridge]: Front solder mask aperture bridges items with different nets
    Rule: board setup solder mask min width; error
    @(111.3750 mm, 75.0535 mm): Track [Net-(J1-Pin_9)] on F.Cu, length 2.3750 mm
    @(111.3750 mm, 75.0535 mm): Pad 1 [<no net>] of R pad on F.Cu
[solder_mask_bridge]: Front solder mask aperture bridges items with different nets
    Rule: board setup solder mask min width; error
    @(95.4000 mm, 74.9535 mm): Track [Net-(J1-Pin_9)] on F.Cu, length 2.5483 mm
    @(98.0000 mm, 75.0052 mm): Pad 1 [<no net>] of R pad on F.Cu
[solder_mask_bridge]: Front solder mask aperture bridges items with different nets
    Rule: board setup solder mask min width; error
    @(95.4000 mm, 74.9535 mm): Track [Net-(J1-Pin_9)] on F.Cu, length 2.5250 mm
    @(92.7750 mm, 75.0535 mm): Pad 1 [<no net>] of R pad on F.Cu
[solder_mask_bridge]: Front solder mask aperture bridges items with different nets
    Rule: board setup solder mask min width; error
    @(98.2983 mm, 101.9517 mm): Track [Net-(J1-Pin_5)] on F.Cu, length 0.0024 mm
    @(98.3000 mm, 101.9500 mm): Pad 1 [<no net>] of R pad on F.Cu
[solder_mask_bridge]: Front solder mask aperture bridges items with different nets
    Rule: board setup solder mask min width; error
    @(109.3000 mm, 102.0517 mm): Track [Net-(J1-Pin_5)] on F.Cu, length 2.1017 mm
    @(111.5000 mm, 101.9535 mm): Pad 1 [<no net>] of R pad on F.Cu
[solder_mask_bridge]: Front solder mask aperture bridges items with different nets
    Rule: board setup solder mask min width; error
    @(95.7000 mm, 101.9517 mm): Track [Net-(J1-Pin_5)] on F.Cu, length 2.5983 mm
    @(98.3000 mm, 101.9500 mm): Pad 1 [<no net>] of R pad on F.Cu
[solder_mask_bridge]: Front solder mask aperture bridges items with different nets
    Rule: board setup solder mask min width; error
    @(111.4017 mm, 102.0517 mm): Track [Net-(J1-Pin_5)] on F.Cu, length 0.1390 mm
    @(111.5000 mm, 101.9535 mm): Pad 1 [<no net>] of R pad on F.Cu
[solder_mask_bridge]: Front solder mask aperture bridges items with different nets
    Rule: board setup solder mask min width; error
    @(106.5983 mm, 102.0517 mm): Track [Net-(J1-Pin_5)] on F.Cu, length 0.1390 mm
    @(106.5000 mm, 101.9535 mm): Pad 1 [<no net>] of R pad on F.Cu
[solder_mask_bridge]: Front solder mask aperture bridges items with different nets
    Rule: board setup solder mask min width; error
    @(109.3000 mm, 102.0517 mm): Track [Net-(J1-Pin_5)] on F.Cu, length 2.7017 mm
    @(106.5000 mm, 101.9535 mm): Pad 1 [<no net>] of R pad on F.Cu
[solder_mask_bridge]: Front solder mask aperture bridges items with different nets
    Rule: board setup solder mask min width; error
    @(93.3000 mm, 101.9535 mm): Track [Net-(J1-Pin_5)] on F.Cu, length 2.3983 mm
    @(93.3000 mm, 101.9535 mm): Pad 1 [<no net>] of R pad on F.Cu
[solder_mask_bridge]: Front solder mask aperture bridges items with different nets
    Rule: board setup solder mask min width; error
    @(98.8000 mm, 97.7552 mm): Track [Net-(J1-Pin_13)] on F.Cu, length 3.0017 mm
    @(98.8000 mm, 97.7552 mm): Pad 1 [<no net>] of R pad on F.Cu
[solder_mask_bridge]: Front solder mask aperture bridges items with different nets
    Rule: board setup solder mask min width; error
    @(98.6000 mm, 90.9069 mm): Track [Net-(J1-Pin_13)] on F.Cu, length 3.1535 mm
    @(98.6000 mm, 90.9069 mm): Pad 1 [<no net>] of R pad on F.Cu
[solder_mask_bridge]: Front solder mask aperture bridges items with different nets
    Rule: board setup solder mask min width; error
    @(98.5000 mm, 69.8552 mm): Track [Net-(J1-Pin_13)] on F.Cu, length 3.0983 mm
    @(98.5000 mm, 69.8552 mm): Pad 1 [<no net>] of R pad on F.Cu
[solder_mask_bridge]: Front solder mask aperture bridges items with different nets
    Rule: board setup solder mask min width; error
    @(98.9000 mm, 104.3000 mm): Track [Net-(J1-Pin_13)] on F.Cu, length 2.8517 mm
    @(98.9000 mm, 104.3000 mm): Pad 1 [<no net>] of R pad on F.Cu
[solder_mask_bridge]: Front solder mask aperture bridges items with different nets
    Rule: board setup solder mask min width; error
    @(98.7483 mm, 81.6535 mm): Track [Net-(J1-Pin_13)] on F.Cu, length 0.0683 mm
    @(98.7000 mm, 81.6052 mm): Pad 1 [<no net>] of R pad on F.Cu
[solder_mask_bridge]: Front solder mask aperture bridges items with different nets
    Rule: board setup solder mask min width; error
    @(95.6442 mm, 62.5569 mm): Track [Net-(J1-Pin_13)] on F.Cu, length 2.2500 mm
    @(97.8942 mm, 62.5569 mm): Pad 1 [<no net>] of R pad on F.Cu
[solder_mask_bridge]: Front solder mask aperture bridges items with different nets
    Rule: board setup solder mask min width; error
    @(100.8000 mm, 81.6535 mm): Track [Net-(J1-Pin_13)] on F.Cu, length 2.0517 mm
    @(98.7000 mm, 81.6052 mm): Pad 1 [<no net>] of R pad on F.Cu
[solder_mask_bridge]: Front solder mask aperture bridges items with different nets
    Rule: board setup solder mask min width; error
    @(96.3000 mm, 69.9535 mm): Track [Net-(J1-Pin_13)] on F.Cu, length 2.1017 mm
    @(98.5000 mm, 69.8552 mm): Pad 1 [<no net>] of R pad on F.Cu
[solder_mask_bridge]: Front solder mask aperture bridges items with different nets
    Rule: board setup solder mask min width; error
    @(98.4017 mm, 69.9535 mm): Track [Net-(J1-Pin_13)] on F.Cu, length 0.1390 mm
    @(98.5000 mm, 69.8552 mm): Pad 1 [<no net>] of R pad on F.Cu
[solder_mask_bridge]: Front solder mask aperture bridges items with different nets
    Rule: board setup solder mask min width; error
    @(101.7448 mm, 108.6552 mm): Track [Net-(J1-Pin_13)] on F.Cu, length 2.8448 mm
    @(98.9000 mm, 108.6552 mm): Pad 1 [<no net>] of R pad on F.Cu
[solder_mask_bridge]: Front solder mask aperture bridges items with different nets
    Rule: board setup solder mask min width; error
    @(98.6000 mm, 77.3552 mm): Track [Net-(J1-Pin_13)] on F.Cu, length 3.0983 mm
    @(98.6000 mm, 77.3552 mm): Pad 1 [<no net>] of R pad on F.Cu
[solder_mask_bridge]: Front solder mask aperture bridges items with different nets
    Rule: board setup solder mask min width; error
    @(93.6000 mm, 91.8552 mm): Track [Net-(J1-Pin_12)] on F.Cu, length 1.4142 mm
    @(92.6000 mm, 90.8552 mm): Pad 1 [<no net>] of R pad on F.Cu
[solder_mask_bridge]: Front solder mask aperture bridges items with different nets
    Rule: board setup solder mask min width; error
    @(92.1000 mm, 69.7535 mm): Track [Net-(J1-Pin_12)] on F.Cu, length 2.8058 mm
    @(92.1000 mm, 69.7535 mm): Pad 1 [<no net>] of R pad on F.Cu
[solder_mask_bridge]: Front solder mask aperture bridges items with different nets
    Rule: board setup solder mask min width; error
    @(92.3942 mm, 62.5569 mm): Track [Net-(J1-Pin_12)] on F.Cu, length 3.2000 mm
    @(92.3942 mm, 62.5569 mm): Pad 1 [<no net>] of R pad on F.Cu
[solder_mask_bridge]: Front solder mask aperture bridges items with different nets
    Rule: board setup solder mask min width; error
    @(92.6000 mm, 90.8552 mm): Track [Net-(J1-Pin_12)] on F.Cu, length 3.2041 mm
    @(92.6000 mm, 90.8552 mm): Pad 1 [<no net>] of R pad on F.Cu
[solder_mask_bridge]: Front solder mask aperture bridges items with different nets
    Rule: board setup solder mask min width; error
    @(92.6000 mm, 97.6552 mm): Track [Net-(J1-Pin_12)] on F.Cu, length 3.0041 mm
    @(92.6000 mm, 97.6552 mm): Pad 1 [<no net>] of R pad on F.Cu
[solder_mask_bridge]: Front solder mask aperture bridges items with different nets
    Rule: board setup solder mask min width; error
    @(92.2000 mm, 77.3552 mm): Track [Net-(J1-Pin_12)] on F.Cu, length 2.8041 mm
    @(92.2000 mm, 77.3552 mm): Pad 1 [<no net>] of R pad on F.Cu
[solder_mask_bridge]: Front solder mask aperture bridges items with different nets
    Rule: board setup solder mask min width; error
    @(92.7000 mm, 104.2535 mm): Track [Net-(J1-Pin_12)] on F.Cu, length 3.3041 mm
    @(92.7000 mm, 104.2535 mm): Pad 1 [<no net>] of R pad on F.Cu
[solder_mask_bridge]: Front solder mask aperture bridges items with different nets
    Rule: board setup solder mask min width; error
    @(92.5000 mm, 81.6052 mm): Track [Net-(J1-Pin_12)] on F.Cu, length 3.0541 mm
    @(92.5000 mm, 81.6052 mm): Pad 1 [<no net>] of R pad on F.Cu
[solder_mask_bridge]: Front solder mask aperture bridges items with different nets
    Rule: board setup solder mask min width; error
    @(89.5000 mm, 108.5517 mm): Track [Net-(J1-Pin_12)] on F.Cu, length 3.2000 mm
    @(92.7000 mm, 108.5517 mm): Pad 1 [<no net>] of R pad on F.Cu
[solder_mask_bridge]: Front solder mask aperture bridges items with different nets
    Rule: board setup solder mask min width; error
    @(106.2616 mm, 67.5517 mm): Track [Net-(J1-Pin_4)] on F.Cu, length 4.7901 mm
    @(106.2616 mm, 67.5517 mm): Pad 1 [<no net>] of R pad on F.Cu
[solder_mask_bridge]: Front solder mask aperture bridges items with different nets
    Rule: board setup solder mask min width; error
    @(106.2616 mm, 67.5517 mm): Track [Net-(J1-Pin_4)] on F.Cu, length 4.7901 mm
    @(111.1000 mm, 67.5035 mm): Pad 1 [<no net>] of R pad on F.Cu
[solder_mask_bridge]: Front solder mask aperture bridges items with different nets
    Rule: board setup solder mask min width; error
    @(111.0517 mm, 67.5517 mm): Track [Net-(J1-Pin_4)] on F.Cu, length 0.0683 mm
    @(111.1000 mm, 67.5035 mm): Pad 1 [<no net>] of R pad on F.Cu
[solder_mask_bridge]: Front solder mask aperture bridges items with different nets
    Rule: board setup solder mask min width; error
    @(92.7000 mm, 67.5052 mm): Track [Net-(J1-Pin_4)] on F.Cu, length 5.2000 mm
    @(97.9000 mm, 67.5052 mm): Pad 1 [<no net>] of R pad on F.Cu
[solder_mask_bridge]: Front solder mask aperture bridges items with different nets
    Rule: board setup solder mask min width; error
    @(92.7000 mm, 67.5052 mm): Track [Net-(J1-Pin_4)] on F.Cu, length 5.2000 mm
    @(92.7000 mm, 67.5052 mm): Pad 1 [<no net>] of R pad on F.Cu
[solder_mask_bridge]: Front solder mask aperture bridges items with different nets
    Rule: board setup solder mask min width; error
    @(100.3983 mm, 67.5517 mm): Track [Net-(J1-Pin_4)] on F.Cu, length 5.8633 mm
    @(106.2616 mm, 67.5517 mm): Pad 1 [<no net>] of R pad on F.Cu
[solder_mask_bridge]: Front solder mask aperture bridges items with different nets
    Rule: board setup solder mask min width; error
    @(97.9000 mm, 67.5052 mm): Track [Net-(J1-Pin_4)] on F.Cu, length 2.3483 mm
    @(97.9000 mm, 67.5052 mm): Pad 1 [<no net>] of R pad on F.Cu
[solder_mask_bridge]: Front solder mask aperture bridges items with different nets
    Rule: board setup solder mask min width; error
    @(113.1768 mm, 91.1483 mm): Polygon of R pad on F.Mask
    @(111.9000 mm, 91.0017 mm): Track [Net-(J1-Pin_15)] on F.Cu, length 3.4517 mm
[solder_mask_bridge]: Front solder mask aperture bridges items with different nets
    Rule: board setup solder mask min width; error
    @(99.1710 mm, 62.7035 mm): Polygon of R pad on F.Mask
    @(95.6442 mm, 62.5569 mm): Track [Net-(J1-Pin_13)] on F.Cu, length 2.2500 mm
[solder_mask_bridge]: Front solder mask aperture bridges items with different nets
    Rule: board setup solder mask min width; error
    @(112.9768 mm, 70.0000 mm): Polygon of R pad on F.Mask
    @(111.7000 mm, 69.8535 mm): Track [Net-(J1-Pin_15)] on F.Cu, length 3.6000 mm
[solder_mask_bridge]: Front solder mask aperture bridges items with different nets
    Rule: board setup solder mask min width; error
    @(91.9232 mm, 88.4586 mm): Polygon of R pad on F.Mask
    @(93.2000 mm, 88.6052 mm): Track [Net-(J1-Pin_7)] on F.Cu, length 2.5483 mm
[solder_mask_bridge]: Front solder mask aperture bridges items with different nets
    Rule: board setup solder mask min width; error
    @(97.4232 mm, 81.4586 mm): Polygon of R pad on F.Mask
    @(98.7483 mm, 81.6535 mm): Track [Net-(J1-Pin_13)] on F.Cu, length 0.0683 mm
[solder_mask_bridge]: Front solder mask aperture bridges items with different nets
    Rule: board setup solder mask min width; error
    @(113.3768 mm, 104.4500 mm): Polygon of R pad on F.Mask
    @(115.4517 mm, 104.3035 mm): Track [Net-(J1-Pin_15)] on F.Cu, length 3.3517 mm
[solder_mask_bridge]: Front solder mask aperture bridges items with different nets
    Rule: board setup solder mask min width; error
    @(110.2232 mm, 101.8069 mm): Polygon of R pad on F.Mask
    @(109.3000 mm, 102.0517 mm): Track [Net-(J1-Pin_5)] on F.Cu, length 2.1017 mm
[solder_mask_bridge]: Front solder mask aperture bridges items with different nets
    Rule: board setup solder mask min width; error
    @(107.8710 mm, 62.7552 mm): Polygon of R pad on F.Mask
    @(106.5959 mm, 62.6069 mm): Track [Net-(J1-Pin_14)] on F.Cu, length 0.0024 mm
[solder_mask_bridge]: Front solder mask aperture bridges items with different nets
    Rule: board setup solder mask min width; error
    @(97.2174 mm, 60.1621 mm): Polygon of R pad on F.Mask
    @(92.9942 mm, 60.3086 mm): Track [Net-(J1-Pin_3)] on F.Cu, length 4.7990 mm
[solder_mask_bridge]: Front solder mask aperture bridges items with different nets
    Rule: board setup solder mask min width; error
    @(94.5768 mm, 111.0483 mm): Polygon of R pad on F.Mask
    @(93.3000 mm, 110.9017 mm): Track [Net-(J1-Pin_10)] on F.Cu, length 4.9535 mm
[solder_mask_bridge]: Front solder mask aperture bridges items with different nets
    Rule: board setup solder mask min width; error
    @(110.1232 mm, 95.3035 mm): Polygon of R pad on F.Mask
    @(108.6000 mm, 95.3983 mm): Track [Net-(J1-Pin_6)] on F.Cu, length 2.7483 mm
[solder_mask_bridge]: Front solder mask aperture bridges items with different nets
    Rule: board setup solder mask min width; error
    @(96.7232 mm, 74.8586 mm): Polygon of R pad on F.Mask
    @(97.9483 mm, 74.9535 mm): Track [Net-(J1-Pin_9)] on F.Cu, length 0.0732 mm
[solder_mask_bridge]: Front solder mask aperture bridges items with different nets
    Rule: board setup solder mask min width; error
    @(112.6018 mm, 84.0983 mm): Polygon of R pad on F.Mask
    @(108.4000 mm, 83.9535 mm): Track [Net-(J1-Pin_8)] on F.Cu, length 2.9233 mm
[solder_mask_bridge]: Front solder mask aperture bridges items with different nets
    Rule: board setup solder mask min width; error
    @(99.4018 mm, 84.0535 mm): Polygon of R pad on F.Mask
    @(98.0785 mm, 83.9535 mm): Track [Net-(J1-Pin_8)] on F.Cu, length 0.0658 mm
[solder_mask_bridge]: Front solder mask aperture bridges items with different nets
    Rule: board setup solder mask min width; error
    @(113.2518 mm, 77.5500 mm): Polygon of R pad on F.Mask
    @(111.9750 mm, 77.4035 mm): Track [Net-(J1-Pin_15)] on F.Cu, length 3.2750 mm
[solder_mask_bridge]: Front solder mask aperture bridges items with different nets
    Rule: board setup solder mask min width; error
    @(110.0232 mm, 88.5052 mm): Polygon of R pad on F.Mask
    @(111.3000 mm, 88.6517 mm): Track [Net-(J1-Pin_7)] on F.Cu, length 2.4517 mm
[solder_mask_bridge]: Front solder mask aperture bridges items with different nets
    Rule: board setup solder mask min width; error
    @(105.2232 mm, 95.3052 mm): Polygon of R pad on F.Mask
    @(106.5535 mm, 95.3983 mm): Track [Net-(J1-Pin_6)] on F.Cu, length 0.0756 mm
[solder_mask_bridge]: Front solder mask aperture bridges items with different nets
    Rule: board setup solder mask min width; error
    @(93.8768 mm, 97.8017 mm): Polygon of R pad on F.Mask
    @(92.6000 mm, 97.6552 mm): Track [Net-(J1-Pin_12)] on F.Cu, length 3.0041 mm
[solder_mask_bridge]: Front solder mask aperture bridges items with different nets
    Rule: board setup solder mask min width; error
    @(104.7232 mm, 108.4052 mm): Polygon of R pad on F.Mask
    @(103.4483 mm, 108.5517 mm): Track [Net-(J1-Pin_14)] on F.Cu, length 2.5517 mm
[solder_mask_bridge]: Front solder mask aperture bridges items with different nets
    Rule: board setup solder mask min width; error
    @(104.6790 mm, 60.1121 mm): Polygon of R pad on F.Mask
    @(105.9558 mm, 60.2586 mm): Track [Net-(J1-Pin_3)] on F.Cu, length 2.6901 mm
[solder_mask_bridge]: Front solder mask aperture bridges items with different nets
    Rule: board setup solder mask min width; error
    @(99.8768 mm, 91.0535 mm): Polygon of R pad on F.Mask
    @(98.6000 mm, 90.9069 mm): Track [Net-(J1-Pin_13)] on F.Cu, length 3.1535 mm
[solder_mask_bridge]: Front solder mask aperture bridges items with different nets
    Rule: board setup solder mask min width; error
    @(94.3768 mm, 84.1017 mm): Polygon of R pad on F.Mask
    @(93.1017 mm, 83.9535 mm): Track [Net-(J1-Pin_8)] on F.Cu, length 0.0024 mm
[solder_mask_bridge]: Front solder mask aperture bridges items with different nets
    Rule: board setup solder mask min width; error
    @(105.2232 mm, 101.8069 mm): Polygon of R pad on F.Mask
    @(106.5983 mm, 102.0517 mm): Track [Net-(J1-Pin_5)] on F.Cu, length 0.1390 mm
[solder_mask_bridge]: Front solder mask aperture bridges items with different nets
    Rule: board setup solder mask min width; error
    @(107.8768 mm, 111.0483 mm): Polygon of R pad on F.Mask
    @(106.6983 mm, 111.0000 mm): Track [Net-(J1-Pin_10)] on F.Cu, length 0.1390 mm
[solder_mask_bridge]: Front solder mask aperture bridges items with different nets
    Rule: board setup solder mask min width; error
    @(91.9232 mm, 95.2586 mm): Polygon of R pad on F.Mask
    @(93.2000 mm, 95.4052 mm): Track [Net-(J1-Pin_6)] on F.Cu, length 2.4483 mm
[solder_mask_bridge]: Front solder mask aperture bridges items with different nets
    Rule: board setup solder mask min width; error
    @(93.8768 mm, 91.0017 mm): Polygon of R pad on F.Mask
    @(93.6000 mm, 91.8552 mm): Track [Net-(J1-Pin_12)] on F.Cu, length 1.4142 mm
[solder_mask_bridge]: Front solder mask aperture bridges items with different nets
    Rule: board setup solder mask min width; error
    @(110.0982 mm, 74.9069 mm): Polygon of R pad on F.Mask
    @(111.3750 mm, 75.0535 mm): Track [Net-(J1-Pin_9)] on F.Cu, length 2.3750 mm
[solder_mask_bridge]: Front solder mask aperture bridges items with different nets
    Rule: board setup solder mask min width; error
    @(105.2232 mm, 88.5052 mm): Polygon of R pad on F.Mask
    @(108.8000 mm, 88.7000 mm): Track [Net-(J1-Pin_7)] on F.Cu, length 2.2517 mm
[solder_mask_bridge]: Front solder mask aperture bridges items with different nets
    Rule: board setup solder mask min width; error
    @(112.8768 mm, 110.9483 mm): Polygon of R pad on F.Mask
    @(109.4000 mm, 111.0000 mm): Track [Net-(J1-Pin_10)] on F.Cu, length 2.0017 mm
[solder_mask_bridge]: Front solder mask aperture bridges items with different nets
    Rule: board setup solder mask min width; error
    @(93.3768 mm, 69.9000 mm): Polygon of R pad on F.Mask
    @(92.1000 mm, 69.7535 mm): Track [Net-(J1-Pin_12)] on F.Cu, length 2.8058 mm
[solder_mask_bridge]: Front solder mask aperture bridges items with different nets
    Rule: board setup solder mask min width; error
    @(91.4232 mm, 67.3586 mm): Polygon of R pad on F.Mask
    @(92.7000 mm, 67.5052 mm): Track [Net-(J1-Pin_4)] on F.Cu, length 5.2000 mm
[solder_mask_bridge]: Front solder mask aperture bridges items with different nets
    Rule: board setup solder mask min width; error
    @(91.4982 mm, 74.9069 mm): Polygon of R pad on F.Mask
    @(92.8750 mm, 74.9535 mm): Track [Net-(J1-Pin_9)] on F.Cu, length 0.1414 mm
[solder_mask_bridge]: Front solder mask aperture bridges items with different nets
    Rule: board setup solder mask min width; error
    @(91.4232 mm, 108.4052 mm): Polygon of R pad on F.Mask
    @(89.5000 mm, 108.5517 mm): Track [Net-(J1-Pin_12)] on F.Cu, length 3.2000 mm
[solder_mask_bridge]: Front solder mask aperture bridges items with different nets
    Rule: board setup solder mask min width; error
    @(107.1768 mm, 104.2983 mm): Polygon of R pad on F.Mask
    @(105.9000 mm, 104.1517 mm): Track [Net-(J1-Pin_14)] on F.Cu, length 2.5000 mm
[solder_mask_bridge]: Front solder mask aperture bridges items with different nets
    Rule: board setup solder mask min width; error
    @(107.1768 mm, 91.0465 mm): Polygon of R pad on F.Mask
    @(105.9000 mm, 90.9000 mm): Track [Net-(J1-Pin_14)] on F.Cu, length 2.4465 mm
[solder_mask_bridge]: Front solder mask aperture bridges items with different nets
    Rule: board setup solder mask min width; error
    @(110.9232 mm, 108.3069 mm): Polygon of R pad on F.Mask
    @(112.2000 mm, 108.4535 mm): Track [Net-(J1-Pin_15)] on F.Cu, length 3.2465 mm
[solder_mask_bridge]: Front solder mask aperture bridges items with different nets
    Rule: board setup solder mask min width; error
    @(96.9232 mm, 95.2586 mm): Polygon of R pad on F.Mask
    @(98.2000 mm, 95.4052 mm): Track [Net-(J1-Pin_6)] on F.Cu, length 2.4483 mm
[solder_mask_bridge]: Front solder mask aperture bridges items with different nets
    Rule: board setup solder mask min width; error
    @(106.9768 mm, 70.0017 mm): Polygon of R pad on F.Mask
    @(105.7000 mm, 69.8552 mm): Track [Net-(J1-Pin_14)] on F.Cu, length 2.4000 mm
[solder_mask_bridge]: Front solder mask aperture bridges items with different nets
    Rule: board setup solder mask min width; error
    @(99.8768 mm, 77.5017 mm): Polygon of R pad on F.Mask
    @(98.6000 mm, 77.3552 mm): Track [Net-(J1-Pin_13)] on F.Cu, length 3.0983 mm
[solder_mask_bridge]: Front solder mask aperture bridges items with different nets
    Rule: board setup solder mask min width; error
    @(104.5982 mm, 81.4586 mm): Polygon of R pad on F.Mask
    @(105.8750 mm, 81.6052 mm): Track [Net-(J1-Pin_14)] on F.Cu, length 2.3267 mm
[solder_mask_bridge]: Front solder mask aperture bridges items with different nets
    Rule: board setup solder mask min width; error
    @(91.7174 mm, 60.1621 mm): Polygon of R pad on F.Mask
    @(92.9942 mm, 60.3086 mm): Track [Net-(J1-Pin_3)] on F.Cu, length 4.7990 mm
[solder_mask_bridge]: Front solder mask aperture bridges items with different nets
    Rule: board setup solder mask min width; error
    @(97.0232 mm, 101.8035 mm): Polygon of R pad on F.Mask
    @(98.2983 mm, 101.9517 mm): Track [Net-(J1-Pin_5)] on F.Cu, length 0.0024 mm
[solder_mask_bridge]: Front solder mask aperture bridges items with different nets
    Rule: board setup solder mask min width; error
    @(96.7232 mm, 88.4104 mm): Polygon of R pad on F.Mask
    @(97.9965 mm, 88.5535 mm): Track [Net-(J1-Pin_7)] on F.Cu, length 0.0049 mm
[solder_mask_bridge]: Front solder mask aperture bridges items with different nets
    Rule: board setup solder mask min width; error
    @(106.9768 mm, 77.5000 mm): Polygon of R pad on F.Mask
    @(108.0000 mm, 77.3535 mm): Track [Net-(J1-Pin_14)] on F.Cu, length 4.7000 mm
[solder_mask_bridge]: Front solder mask aperture bridges items with different nets
    Rule: board setup solder mask min width; error
    @(113.2710 mm, 62.7552 mm): Polygon of R pad on F.Mask
    @(111.9942 mm, 62.6086 mm): Track [Net-(J1-Pin_15)] on F.Cu, length 3.3058 mm
[solder_mask_bridge]: Front solder mask aperture bridges items with different nets
    Rule: board setup solder mask min width; error
    @(93.6710 mm, 62.7035 mm): Polygon of R pad on F.Mask
    @(92.3942 mm, 62.5569 mm): Track [Net-(J1-Pin_12)] on F.Cu, length 3.2000 mm
[solder_mask_bridge]: Front solder mask aperture bridges items with different nets
    Rule: board setup solder mask min width; error
    @(100.0768 mm, 97.9017 mm): Polygon of R pad on F.Mask
    @(98.8000 mm, 97.7552 mm): Track [Net-(J1-Pin_13)] on F.Cu, length 3.0017 mm
[solder_mask_bridge]: Front solder mask aperture bridges items with different nets
    Rule: board setup solder mask min width; error
    @(97.6232 mm, 108.5086 mm): Polygon of R pad on F.Mask
    @(101.7448 mm, 108.6552 mm): Track [Net-(J1-Pin_13)] on F.Cu, length 2.8448 mm
[solder_mask_bridge]: Front solder mask aperture bridges items with different nets
    Rule: board setup solder mask min width; error
    @(91.2232 mm, 81.4586 mm): Polygon of R pad on F.Mask
    @(92.5000 mm, 81.6052 mm): Track [Net-(J1-Pin_12)] on F.Cu, length 3.0541 mm
[solder_mask_bridge]: Front solder mask aperture bridges items with different nets
    Rule: board setup solder mask min width; error
    @(92.0232 mm, 101.8069 mm): Polygon of R pad on F.Mask
    @(93.3000 mm, 101.9535 mm): Track [Net-(J1-Pin_5)] on F.Cu, length 2.3983 mm
[solder_mask_bridge]: Front solder mask aperture bridges items with different nets
    Rule: board setup solder mask min width; error
    @(93.9768 mm, 104.4000 mm): Polygon of R pad on F.Mask
    @(92.7000 mm, 104.2535 mm): Track [Net-(J1-Pin_12)] on F.Cu, length 3.3041 mm
[solder_mask_bridge]: Front solder mask aperture bridges items with different nets
    Rule: board setup solder mask min width; error
    @(109.8232 mm, 67.3569 mm): Polygon of R pad on F.Mask
    @(106.2616 mm, 67.5517 mm): Track [Net-(J1-Pin_4)] on F.Cu, length 4.7901 mm
[solder_mask_bridge]: Front solder mask aperture bridges items with different nets
    Rule: board setup solder mask min width; error
    @(113.2768 mm, 97.9465 mm): Polygon of R pad on F.Mask
    @(112.0000 mm, 97.8000 mm): Track [Net-(J1-Pin_15)] on F.Cu, length 3.5535 mm
[solder_mask_bridge]: Front solder mask aperture bridges items with different nets
    Rule: board setup solder mask min width; error
    @(99.7768 mm, 70.0017 mm): Polygon of R pad on F.Mask
    @(98.5000 mm, 69.8552 mm): Track [Net-(J1-Pin_13)] on F.Cu, length 3.0983 mm
[solder_mask_bridge]: Front solder mask aperture bridges items with different nets
    Rule: board setup solder mask min width; error
    @(105.0598 mm, 74.9069 mm): Polygon of R pad on F.Mask
    @(106.3366 mm, 75.0535 mm): Track [Net-(J1-Pin_9)] on F.Cu, length 2.6634 mm
[solder_mask_bridge]: Front solder mask aperture bridges items with different nets
    Rule: board setup solder mask min width; error
    @(104.9848 mm, 67.4052 mm): Polygon of R pad on F.Mask
    @(106.2616 mm, 67.5517 mm): Track [Net-(J1-Pin_4)] on F.Cu, length 4.7901 mm
[solder_mask_bridge]: Front solder mask aperture bridges items with different nets
    Rule: board setup solder mask min width; error
    @(100.1768 mm, 104.4465 mm): Polygon of R pad on F.Mask
    @(98.9000 mm, 104.3000 mm): Track [Net-(J1-Pin_13)] on F.Cu, length 2.8517 mm
[solder_mask_bridge]: Front solder mask aperture bridges items with different nets
    Rule: board setup solder mask min width; error
    @(110.1174 mm, 60.1121 mm): Polygon of R pad on F.Mask
    @(111.3459 mm, 60.3069 mm): Track [Net-(J1-Pin_3)] on F.Cu, length 0.0683 mm
[solder_mask_bridge]: Front solder mask aperture bridges items with different nets
    Rule: board setup solder mask min width; error
    @(96.6232 mm, 67.3586 mm): Polygon of R pad on F.Mask
    @(92.7000 mm, 67.5052 mm): Track [Net-(J1-Pin_4)] on F.Cu, length 5.2000 mm
[solder_mask_bridge]: Front solder mask aperture bridges items with different nets
    Rule: board setup solder mask min width; error
    @(110.6232 mm, 81.5052 mm): Polygon of R pad on F.Mask
    @(111.9000 mm, 81.6517 mm): Track [Net-(J1-Pin_15)] on F.Cu, length 3.5017 mm
[solder_mask_bridge]: Front solder mask aperture bridges items with different nets
    Rule: board setup solder mask min width; error
    @(93.4768 mm, 77.5017 mm): Polygon of R pad on F.Mask
    @(92.2000 mm, 77.3552 mm): Track [Net-(J1-Pin_12)] on F.Cu, length 2.8041 mm
[solder_mask_bridge]: Front solder mask aperture bridges items with different nets
    Rule: board setup solder mask min width; error
    @(107.2768 mm, 97.8465 mm): Polygon of R pad on F.Mask
    @(106.0000 mm, 97.7000 mm): Track [Net-(J1-Pin_14)] on F.Cu, length 2.3535 mm
[solder_mask_bridge]: Front solder mask aperture bridges items with different nets
    Rule: board setup solder mask min width; error
    @(99.5768 mm, 111.0017 mm): Polygon of R pad on F.Mask
    @(98.2535 mm, 110.9017 mm): Track [Net-(J1-Pin_10)] on F.Cu, length 0.0658 mm
[solder_mask_bridge]: Front solder mask aperture bridges items with different nets
    Rule: board setup solder mask min width; error
    @(107.6768 mm, 84.1017 mm): Polygon of R pad on F.Mask
    @(108.4000 mm, 83.9535 mm): Track [Net-(J1-Pin_8)] on F.Cu, length 1.9983 mm

** Found 6 unconnected pads **
[unconnected_items]: Missing connection between items
    Local override; error
    @(98.4942 mm, 60.3086 mm): Track [Net-(J1-Pin_3)] on F.Cu, length 7.4116 mm
    @(92.9942 mm, 60.3086 mm): Track [Net-(J1-Pin_3)] on F.Cu, length 4.7990 mm
[unconnected_items]: Missing connection between items
    Local override; error
    @(101.2985 mm, 78.1850 mm): Pad 20 [unconnected-(J1-Pin_20-Pad20)] of J1 on B.Cu
    @(101.7285 mm, 78.1850 mm): Pad 20 [unconnected-(J1-Pin_20-Pad20)] of J1 on B.Cu
[unconnected_items]: Missing connection between items
    Local override; error
    @(108.8942 mm, 62.6069 mm): Track [Net-(J1-Pin_14)] on F.Cu, length 2.2983 mm
    @(108.4000 mm, 63.1011 mm): Track [Net-(J1-Pin_14)] on B.Cu, length 0.6989 mm
[unconnected_items]: Missing connection between items
    Local override; error
    @(108.4000 mm, 69.8535 mm): Track [Net-(J1-Pin_14)] on F.Cu, length 2.6983 mm
    @(108.4000 mm, 69.8535 mm): Track [Net-(J1-Pin_14)] on B.Cu, length 6.7523 mm
[unconnected_items]: Missing connection between items
    Local override; error
    @(96.3000 mm, 69.9535 mm): Track [Net-(J1-Pin_13)] on B.Cu, length 6.6407 mm
    @(96.3000 mm, 69.9535 mm): Track [Net-(J1-Pin_13)] on F.Cu, length 2.1017 mm
[unconnected_items]: Missing connection between items
    Local override; error
    @(96.3000 mm, 63.3127 mm): Track [Net-(J1-Pin_13)] on B.Cu, length 0.9982 mm
    @(95.5942 mm, 62.6069 mm): Track [Net-(J1-Pin_13)] on F.Cu, length 0.0707 mm

** Found 0 Footprint errors **

** End of Report **
